15:53:18 **** Incremental Build of configuration Debug for project 002_Stepper_Motor_Half_Wave_Drive ****
make -j4 all 
arm-none-eabi-gcc "../Src/main.c" -mcpu=cortex-m4 -std=gnu11 -g3 -DDEBUG -DSTM32 -DSTM32F407G_DISC1 -DSTM32F4 -DSTM32F407VGTx -c -I../Inc -O0 -ffunction-sections -fdata-sections -Wall -fstack-usage -MMD -MP -MF"Src/main.d" -MT"Src/main.o" --specs=nano.specs -mfloat-abi=soft -mthumb -o "Src/main.o"
arm-none-eabi-gcc -o "002_Stepper_Motor_Half_Wave_Drive.elf" @"objects.list"   -mcpu=cortex-m4 -T"C:\Users\mohammed.hussain\STM32CubeIDE\workspace_1.8.0\002_Stepper_Motor_Half_Wave_Drive\STM32F407VGTX_FLASH.ld" --specs=nosys.specs -Wl,-Map="002_Stepper_Motor_Half_Wave_Drive.map" -Wl,--gc-sections -static --specs=nano.specs -mfloat-abi=soft -mthumb -Wl,--start-group -lc -lm -Wl,--end-group
Finished building target: 002_Stepper_Motor_Half_Wave_Drive.elf
 
arm-none-eabi-size   002_Stepper_Motor_Half_Wave_Drive.elf 
arm-none-eabi-objdump -h -S  002_Stepper_Motor_Half_Wave_Drive.elf  > "002_Stepper_Motor_Half_Wave_Drive.list"
arm-none-eabi-objcopy  -O binary  002_Stepper_Motor_Half_Wave_Drive.elf  "002_Stepper_Motor_Half_Wave_Drive.bin"
   text	   data	    bss	    dec	    hex	filename
    856	      8	   1568	   2432	    980	002_Stepper_Motor_Half_Wave_Drive.elf
Finished building: default.size.stdout
 
Finished building: 002_Stepper_Motor_Half_Wave_Drive.bin
Finished building: 002_Stepper_Motor_Half_Wave_Drive.list
 
 

15:53:18 Build Finished. 0 errors, 0 warnings. (took 594ms)

