17:47:32 **** Incremental Build of configuration Debug for project 004_NVIC ****
make -j4 all 
arm-none-eabi-gcc "../Src/main.c" -mcpu=cortex-m4 -std=gnu11 -g3 -DDEBUG -DSTM32 -DSTM32F407G_DISC1 -DSTM32F4 -DSTM32F407VGTx -c -I../Inc -O0 -ffunction-sections -fdata-sections -Wall -fstack-usage -MMD -MP -MF"Src/main.d" -MT"Src/main.o" --specs=nano.specs -mfloat-abi=soft -mthumb -o "Src/main.o"
arm-none-eabi-gcc -o "004_NVIC.elf" @"objects.list"   -mcpu=cortex-m4 -T"C:\Users\mohammed.hussain\STM32CubeIDE\workspace_1.8.0\004_NVIC\STM32F407VGTX_FLASH.ld" --specs=nosys.specs -Wl,-Map="004_NVIC.map" -Wl,--gc-sections -static --specs=nano.specs -mfloat-abi=soft -mthumb -Wl,--start-group -lc -lm -Wl,--end-group
Finished building target: 004_NVIC.elf
 
arm-none-eabi-size   004_NVIC.elf 
arm-none-eabi-objdump -h -S  004_NVIC.elf  > "004_NVIC.list"
arm-none-eabi-objcopy  -O binary  004_NVIC.elf  "004_NVIC.bin"
   text	   data	    bss	    dec	    hex	filename
   1088	      8	   1568	   2664	    a68	004_NVIC.elf
Finished building: default.size.stdout
 
Finished building: 004_NVIC.bin
Finished building: 004_NVIC.list
 
 

17:47:34 Build Finished. 0 errors, 0 warnings. (took 1s.831ms)

