18:27:12 **** Incremental Build of configuration Debug for project 005_Switch_Interface ****
make -j4 all 
arm-none-eabi-gcc "../Src/main.c" -mcpu=cortex-m4 -std=gnu11 -g3 -DDEBUG -DSTM32 -DSTM32F407G_DISC1 -DSTM32F4 -DSTM32F407VGTx -c -I../Inc -O0 -ffunction-sections -fdata-sections -Wall -fstack-usage -MMD -MP -MF"Src/main.d" -MT"Src/main.o" --specs=nano.specs -mfloat-abi=soft -mthumb -o "Src/main.o"
arm-none-eabi-gcc -o "005_Switch_Interface.elf" @"objects.list"   -mcpu=cortex-m4 -T"C:\Users\mohammed.hussain\STM32CubeIDE\workspace_1.8.0\005_Switch_Interface\STM32F407VGTX_FLASH.ld" --specs=nosys.specs -Wl,-Map="005_Switch_Interface.map" -Wl,--gc-sections -static --specs=nano.specs -mfloat-abi=soft -mthumb -Wl,--start-group -lc -lm -Wl,--end-group
Finished building target: 005_Switch_Interface.elf
 
arm-none-eabi-size   005_Switch_Interface.elf 
arm-none-eabi-objdump -h -S  005_Switch_Interface.elf  > "005_Switch_Interface.list"
arm-none-eabi-objcopy  -O binary  005_Switch_Interface.elf  "005_Switch_Interface.bin"
   text	   data	    bss	    dec	    hex	filename
    948	      8	   1568	   2524	    9dc	005_Switch_Interface.elf
Finished building: default.size.stdout
 
Finished building: 005_Switch_Interface.bin
 
Finished building: 005_Switch_Interface.list
 

18:27:14 Build Finished. 0 errors, 0 warnings. (took 1s.671ms)

