13:25:40 **** Build of configuration Debug for project 009_USART ****
make -j4 all 
arm-none-eabi-gcc -mcpu=cortex-m4 -g3 -DDEBUG -c -x assembler-with-cpp -MMD -MP -MF"Startup/startup_stm32f407vgtx.d" -MT"Startup/startup_stm32f407vgtx.o" --specs=nano.specs -mfloat-abi=soft -mthumb -o "Startup/startup_stm32f407vgtx.o" "../Startup/startup_stm32f407vgtx.s"
arm-none-eabi-gcc "../Src/main.c" -mcpu=cortex-m4 -std=gnu11 -g3 -DDEBUG -DSTM32 -DSTM32F407G_DISC1 -DSTM32F4 -DSTM32F407VGTx -c -I../Inc -O0 -ffunction-sections -fdata-sections -Wall -fstack-usage -MMD -MP -MF"Src/main.d" -MT"Src/main.o" --specs=nano.specs -mfloat-abi=soft -mthumb -o "Src/main.o"
arm-none-eabi-gcc "../Src/syscalls.c" -mcpu=cortex-m4 -std=gnu11 -g3 -DDEBUG -DSTM32 -DSTM32F407G_DISC1 -DSTM32F4 -DSTM32F407VGTx -c -I../Inc -O0 -ffunction-sections -fdata-sections -Wall -fstack-usage -MMD -MP -MF"Src/syscalls.d" -MT"Src/syscalls.o" --specs=nano.specs -mfloat-abi=soft -mthumb -o "Src/syscalls.o"
arm-none-eabi-gcc "../Src/sysmem.c" -mcpu=cortex-m4 -std=gnu11 -g3 -DDEBUG -DSTM32 -DSTM32F407G_DISC1 -DSTM32F4 -DSTM32F407VGTx -c -I../Inc -O0 -ffunction-sections -fdata-sections -Wall -fstack-usage -MMD -MP -MF"Src/sysmem.d" -MT"Src/sysmem.o" --specs=nano.specs -mfloat-abi=soft -mthumb -o "Src/sysmem.o"
arm-none-eabi-gcc -o "009_USART.elf" @"objects.list"   -mcpu=cortex-m4 -T"C:\Users\mohammed.hussain\STM32CubeIDE\workspace_1.8.0\009_USART\STM32F407VGTX_FLASH.ld" --specs=nosys.specs -Wl,-Map="009_USART.map" -Wl,--gc-sections -static --specs=nano.specs -mfloat-abi=soft -mthumb -Wl,--start-group -lc -lm -Wl,--end-group
Finished building target: 009_USART.elf
 
arm-none-eabi-size   009_USART.elf 
arm-none-eabi-objdump -h -S  009_USART.elf  > "009_USART.list"
arm-none-eabi-objcopy  -O binary  009_USART.elf  "009_USART.bin"
   text	   data	    bss	    dec	    hex	filename
   1104	      8	   1568	   2680	    a78	009_USART.elf
Finished building: default.size.stdout
 
Finished building: 009_USART.bin
Finished building: 009_USART.list
 
 
13:25:46 **** Incremental Build of configuration Debug for project 009_USART ****
make -j4 all 
arm-none-eabi-size   009_USART.elf 
   text	   data	    bss	    dec	    hex	filename
   1104	      8	   1568	   2680	    a78	009_USART.elf
Finished building: default.size.stdout
 
13:30:11 **** Incremental Build of configuration Debug for project 009_USART ****
make -j4 all 
arm-none-eabi-size   009_USART.elf 
   text	   data	    bss	    dec	    hex	filename
   1104	      8	   1568	   2680	    a78	009_USART.elf
Finished building: default.size.stdout
 
