17:38:38 **** Build of configuration Debug for project LED_Blink ****
make all 
arm-none-eabi-gcc "../Src/main.c" -mcpu=cortex-m4 -std=gnu11 -g3 -DDEBUG -DSTM32 -DSTM32F407G_DISC1 -DSTM32F4 -DSTM32F407VGTx -c -I../Inc -O0 -ffunction-sections -fdata-sections -Wall -fstack-usage -MMD -MP -MF"Src/main.d" -MT"Src/main.o" --specs=nano.specs -mfloat-abi=soft -mthumb -o "Src/main.o"
arm-none-eabi-gcc -o "LED_Blink.elf" @"objects.list"   -mcpu=cortex-m4 -T"C:\Users\mohammed.hussain\STM32CubeIDE\workspace_1.8.0\LED_Blink\STM32F407VGTX_FLASH.ld" --specs=nosys.specs -Wl,-Map="LED_Blink.map" -Wl,--gc-sections -static --specs=nano.specs -mfloat-abi=soft -mthumb -Wl,--start-group -lc -lm -Wl,--end-group
Finished building target: LED_Blink.elf
 
arm-none-eabi-size   LED_Blink.elf 
   text	   data	    bss	    dec	    hex	filename
    820	      8	   1568	   2396	    95c	LED_Blink.elf
Finished building: default.size.stdout
 
arm-none-eabi-objdump -h -S  LED_Blink.elf  > "LED_Blink.list"
Finished building: LED_Blink.list
 
arm-none-eabi-objcopy  -O binary  LED_Blink.elf  "LED_Blink.bin"
Finished building: LED_Blink.bin
 

17:38:39 Build Finished. 0 errors, 0 warnings. (took 1s.172ms)

