main.c:46:5:main	8	static
main.c:62:6:task1_handler	8	static
main.c:69:6:task2_handler	8	static
main.c:76:6:task3_handler	8	static
main.c:83:6:task4_handler	8	static
main.c:91:6:SysTick_Init	24	static
main.c:104:29:SchedulerStack_Init	0	static,ignoring_inline_asm
main.c:110:6:TaskStack_Init	16	static
main.c:136:6:EnableProcessorFaults	4	static
main.c:142:10:Get_PSP_Value	4	static
main.c:147:6:save_psp_value	16	static
main.c:152:6:update_next_task	4	static
main.c:158:29:Switch_SP_to_PSP	0	static,ignoring_inline_asm
main.c:173:29:SysTick_Handler	0	static,ignoring_inline_asm
main.c:199:6:MemManage_Handler	8	static
main.c:205:6:BusFault_Handler	8	static
main.c:211:6:UsageFault_Handler	8	static
